
> hero-logistic@0.0.0 build
> vite build

[36mvite v8.1.4 [32mbuilding client environment for production...[36m[39m
[2K
transforming...Γ£ô 2890 modules transformed.
node.exe : [31mΓ£ù[39m Build failed in 593ms
At line:1 char:1
+ & "C:\Program Files\nodejs/node.exe" "C:\Users\ritik\AppData\Roaming\ ...
+ ~~~~~~~~~~~~~~~~~~~~~~~~~~~~~~~~~~~~~~~~~~~~~~~~~~~~~~~~~~~~~~~~~~~~~
    + CategoryInfo          : NotSpecified: ([31mΓ£ù[39m Build failed in 593ms:String) [], RemoteException
    + FullyQualifiedErrorId : NativeCommandError
 
[31merror during build:
[31mBuild failed with 1 error:

[31m[builtin:vite-transform] [0mAdjacent JSX elements must be wrapped in an enclosing tag.
      [38;5;246mΓò¡[0m[38;5;246mΓöÇ[0m[38;5;246m[[0m src/components/CompanyAdmin/Warehouse.jsx:1425:13 
[38;5;246m][0m
      [38;5;246mΓöé[0m
 [38;5;246m1425 Γöé[0m [38;5;249m [0m[38;5;249m [0m[38;5;249m [0m[38;5;249m [0m[38;5;249m [0m[38;5;249m 
[0m[38;5;249m [0m[38;5;249m [0m[38;5;249m [0m[38;5;249m [0m[38;5;249m [0m[38;5;249m 
[0m<[38;5;249mu[0m[38;5;249ml[0m[38;5;249m [0m[38;5;249ms[0m[38;5;249mt[0m[38;5;249my[0m[38;5;249ml[0m[
38;5;249me[0m[38;5;249m=[0m[38;5;249m{[0m[38;5;249m{[0m[38;5;249m [0m[38;5;249mm[0m[38;5;249ma[0m[38;5;24
9mr[0m[38;5;249mg[0m[38;5;249mi[0m[38;5;249mn[0m[38;5;249m:[0m[38;5;249m 
[0m[38;5;249m0[0m[38;5;249m,[0m[38;5;249m [0m[38;5;249mp[0m[38;5;249ma[0m[38;5;249md[0m[38;5;249md[0m[3
8;5;249mi[0m[38;5;249mn[0m[38;5;249mg[0m[38;5;249mL[0m[38;5;249me[0m[38;5;249mf[0m[38;5;249mt[0m[38;5;249
m:[0m[38;5;249m [0m[38;5;249m1[0m[38;5;249m4[0m[38;5;249m,[0m[38;5;249m [0m[38;5;249mf[0m[38;5;249mo[0m
[38;5;249mn[0m[38;5;249mt[0m[38;5;249mS[0m[38;5;249mi[0m[38;5;249mz[0m[38;5;249me[0m[38;5;249m:[0m[38;5;2
49m [0m[38;5;249m1[0m[38;5;249m0[0m[38;5;249m,[0m[38;5;249m 
[0m[38;5;249mc[0m[38;5;249mo[0m[38;5;249ml[0m[38;5;249mo[0m[38;5;249mr[0m[38;5;249m:[0m[38;5;249m [0m[3
8;5;249m'[0m[38;5;249m#[0m[38;5;249m6[0m[38;5;249m4[0m[38;5;249m7[0m[38;5;249m4[0m[38;5;249m8[0m[38;5;249
mB[0m[38;5;249m'[0m[38;5;249m,[0m[38;5;249m [0m[38;5;249ml[0m[38;5;249mi[0m[38;5;249mn[0m[38;5;249me[0m
[38;5;249mH[0m[38;5;249me[0m[38;5;249mi[0m[38;5;249mg[0m[38;5;249mh[0m[38;5;249mt[0m[38;5;249m:[0m[38;5;2
49m [0m[38;5;249m1[0m[38;5;249m.[0m[38;5;249m5[0m[38;5;249m,[0m[38;5;249m [0m[38;5;249md[0m[38;5;249mi[0
m[38;5;249ms[0m[38;5;249mp[0m[38;5;249ml[0m[38;5;249ma[0m[38;5;249my[0m[38;5;249m:[0m[38;5;249m [0m[38;5
;249m'[0m[38;5;249mf[0m[38;5;249ml[0m[38;5;249me[0m[38;5;249mx[0m[38;5;249m'[0m[38;5;249m,[0m[38;5;249m 
[0m[38;5;249mf[0m[38;5;249ml[0m[38;5;249me[0m[38;5;249mx[0m[38;5;249mD[0m[38;5;249mi[0m[38;5;249mr[0m[38
;5;249me[0m[38;5;249mc[0m[38;5;249mt[0m[38;5;249mi[0m[38;5;249mo[0m[38;5;249mn[0m[38;5;249m:[0m[38;5;249m
 [0m[38;5;249m'[0m[38;5;249mc[0m[38;5;249mo[0m[38;5;249ml[0m[38;5;249mu[0m[38;5;249mm[0m[38;5;249mn[0m[
38;5;249m'[0m[38;5;249m,[0m[38;5;249m 
[0m[38;5;249mg[0m[38;5;249ma[0m[38;5;249mp[0m[38;5;249m:[0m[38;5;249m [0m[38;5;249m4[0m[38;5;249m 
[0m[38;5;249m}[0m[38;5;249m}[0m[38;5;249m>[0m
 [38;5;240m     Γöé[0m             Γö¼  
 [38;5;240m     Γöé[0m             Γò░ΓöÇΓöÇ 
 [38;5;240m     Γöé[0m 
 [38;5;240m     Γöé[0m [38;5;115mHelp[0m: Did you want a JSX fragment `<>...</>`?
[38;5;246mΓöÇΓöÇΓöÇΓöÇΓöÇΓöÇΓò»[0m
[31m
    at aggregateBindingErrorsIntoJsError (file:///C:/KIAAN%20PROJECTS/Hero-LogistNew/Hero-Logistic-Clone/node_modules/r
olldown/dist/shared/error-BHRSI0R7.mjs:48:18)
    at unwrapBindingResult (file:///C:/KIAAN%20PROJECTS/Hero-LogistNew/Hero-Logistic-Clone/node_modules/rolldown/dist/s
hared/error-BHRSI0R7.mjs:18:128)
    at #build (file:///C:/KIAAN%20PROJECTS/Hero-LogistNew/Hero-Logistic-Clone/node_modules/rolldown/dist/shared/rolldow
n-build-CtPvmZgJ.mjs:3276:34)
    at async buildEnvironment 
(file:///C:/KIAAN%20PROJECTS/Hero-LogistNew/Hero-Logistic-Clone/node_modules/vite/dist/node/chunks/node.js:33011:66)
    at async Object.build 
(file:///C:/KIAAN%20PROJECTS/Hero-LogistNew/Hero-Logistic-Clone/node_modules/vite/dist/node/chunks/node.js:33433:19)
    at async Object.buildApp 
(file:///C:/KIAAN%20PROJECTS/Hero-LogistNew/Hero-Logistic-Clone/node_modules/vite/dist/node/chunks/node.js:33430:153)
    at async CAC.<anonymous> 
(file:///C:/KIAAN%20PROJECTS/Hero-LogistNew/Hero-Logistic-Clone/node_modules/vite/dist/node/cli.js:776:3) {
  errors: [Getter/Setter]
}[39m
